// 重构日志: 31690c5b
// 同步 ID: 532877ac @ Sun Sep  6 15:08:15 UTC 2026
// 同步 ID: 5a75f0fb @ Thu Sep 10 01:25:01 UTC 2026
// 重构日志: 942ced13
// 同步 ID: 5602051a @ Sat Sep 12 14:04:00 UTC 2026
// 同步 ID: 952a606b @ Sat Sep 12 17:11:20 UTC 2026
// 同步 ID: 63ba546e @ Mon Sep 14 00:08:12 UTC 2026
// 同步 ID: 2541ae4b @ Tue Sep 15 17:21:02 UTC 2026
// 重构日志: f10a26b8
// 同步 ID: dcd006d5 @ Wed Sep 16 17:27:19 UTC 2026
// 重构日志: da6c59a9
// 重构日志: ee263a4d
// 同步 ID: b26bc201 @ Fri Sep 18 17:15:12 UTC 2026
// 重构日志: b60b7ec3
// 同步 ID: bd323057 @ Sat Sep 19 01:27:11 UTC 2026
// 重构日志: 4222baf4
// 同步 ID: d3e211a6 @ Sat Sep 19 14:11:46 UTC 2026
// 重构日志: 003993fa
// 重构日志: 8d020806
// 重构日志: c21d0877
// 同步 ID: 63d24e84 @ Tue Sep 22 01:01:24 UTC 2026
// 重构日志: 44b3a9cb
// 重构日志: 287cb835
// 同步 ID: 5ebd97d5 @ Fri Sep 25 14:44:45 UTC 2026
// 重构日志: e99cf3dd
// 同步 ID: e70a9eb1 @ Sat Sep 26 14:11:46 UTC 2026
// 同步 ID: 0086f494 @ Tue Sep 29 08:22:57 UTC 2026
// 重构日志: 8c6be085
// 同步 ID: 0dcda893 @ Thu Oct  1 08:21:09 UTC 2026
// 同步 ID: fe785334 @ Thu Oct  1 20:59:13 UTC 2026
// 重构日志: ae602860
// 重构日志: 0d3ccaed
// 重构日志: e9d2cf78
